// Jest Snapshot v1, https://goo.gl/fbAQLP

exports[`Header component render 1`] = `
ShallowWrapper {
  Symbol(enzyme.__root__): [Circular],
  Symbol(enzyme.__unrendered__): <Header
    component={[Function]}
    logo="path"
  />,
  Symbol(enzyme.__renderer__): Object {
    "batchedUpdates": [Function],
    "checkPropTypes": [Function],
    "getNode": [Function],
    "render": [Function],
    "simulateError": [Function],
    "simulateEvent": [Function],
    "unmount": [Function],
  },
  Symbol(enzyme.__node__): Object {
    "instance": null,
    "key": undefined,
    "nodeType": "function",
    "props": Object {
      "children": Array [
        <ForwardRef
          alt="logo"
          src="path"
        />,
        <component />,
      ],
    },
    "ref": null,
    "rendered": Array [
      Object {
        "instance": null,
        "key": undefined,
        "nodeType": "function",
        "props": Object {
          "alt": "logo",
          "src": "path",
        },
        "ref": null,
        "rendered": null,
        "type": Object {
          "$$typeof": Symbol(react.forward_ref),
          "attrs": Array [],
          "componentStyle": ComponentStyle {
            "componentId": "sc-bxivhb",
            "isStatic": true,
            "rules": Array [
              "
  @media (max-width: 420px) {
    width: 98px;
    height: 37px;
  }
",
            ],
          },
          "displayName": "styled.img",
          "foldedComponentIds": Array [],
          "render": [Function],
          "styledComponentId": "sc-bxivhb",
          "target": "img",
          "toString": [Function],
          "warnTooManyClasses": [Function],
          "withComponent": [Function],
        },
      },
      Object {
        "instance": null,
        "key": undefined,
        "nodeType": "function",
        "props": Object {},
        "ref": null,
        "rendered": null,
        "type": [Function],
      },
    ],
    "type": Object {
      "$$typeof": Symbol(react.forward_ref),
      "attrs": Array [],
      "componentStyle": ComponentStyle {
        "componentId": "sc-htpNat",
        "isStatic": false,
        "rules": Array [
          "box-sizing: border-box;",
          [Function],
          [Function],
          [Function],
          [Function],
          [Function],
          [Function],
          [Function],
          "display: flex;",
          [Function],
          [Function],
          [Function],
          [Function],
          "
  width: 100%;
  height: 116px;
  padding: 30px 30px 30px 37px;
  box-sizing: border-box;
  justify-content: space-between;
  align-items: center;
  background-color: #7ed321;

  @media (max-width: 420px) {
    height: 77px;
  }
",
        ],
      },
      "displayName": "Styled(Flex)",
      "foldedComponentIds": Array [
        "sc-bdVaJa",
        "sc-bwzfXH",
      ],
      "propTypes": Object {
        "alignItems": [Function],
        "flexDirection": [Function],
        "flexWrap": [Function],
        "justifyContent": [Function],
      },
      "render": [Function],
      "styledComponentId": "sc-htpNat",
      "target": "div",
      "toString": [Function],
      "warnTooManyClasses": [Function],
      "withComponent": [Function],
    },
  },
  Symbol(enzyme.__nodes__): Array [
    Object {
      "instance": null,
      "key": undefined,
      "nodeType": "function",
      "props": Object {
        "children": Array [
          <ForwardRef
            alt="logo"
            src="path"
          />,
          <component />,
        ],
      },
      "ref": null,
      "rendered": Array [
        Object {
          "instance": null,
          "key": undefined,
          "nodeType": "function",
          "props": Object {
            "alt": "logo",
            "src": "path",
          },
          "ref": null,
          "rendered": null,
          "type": Object {
            "$$typeof": Symbol(react.forward_ref),
            "attrs": Array [],
            "componentStyle": ComponentStyle {
              "componentId": "sc-bxivhb",
              "isStatic": true,
              "rules": Array [
                "
  @media (max-width: 420px) {
    width: 98px;
    height: 37px;
  }
",
              ],
            },
            "displayName": "styled.img",
            "foldedComponentIds": Array [],
            "render": [Function],
            "styledComponentId": "sc-bxivhb",
            "target": "img",
            "toString": [Function],
            "warnTooManyClasses": [Function],
            "withComponent": [Function],
          },
        },
        Object {
          "instance": null,
          "key": undefined,
          "nodeType": "function",
          "props": Object {},
          "ref": null,
          "rendered": null,
          "type": [Function],
        },
      ],
      "type": Object {
        "$$typeof": Symbol(react.forward_ref),
        "attrs": Array [],
        "componentStyle": ComponentStyle {
          "componentId": "sc-htpNat",
          "isStatic": false,
          "rules": Array [
            "box-sizing: border-box;",
            [Function],
            [Function],
            [Function],
            [Function],
            [Function],
            [Function],
            [Function],
            "display: flex;",
            [Function],
            [Function],
            [Function],
            [Function],
            "
  width: 100%;
  height: 116px;
  padding: 30px 30px 30px 37px;
  box-sizing: border-box;
  justify-content: space-between;
  align-items: center;
  background-color: #7ed321;

  @media (max-width: 420px) {
    height: 77px;
  }
",
          ],
        },
        "displayName": "Styled(Flex)",
        "foldedComponentIds": Array [
          "sc-bdVaJa",
          "sc-bwzfXH",
        ],
        "propTypes": Object {
          "alignItems": [Function],
          "flexDirection": [Function],
          "flexWrap": [Function],
          "justifyContent": [Function],
        },
        "render": [Function],
        "styledComponentId": "sc-htpNat",
        "target": "div",
        "toString": [Function],
        "warnTooManyClasses": [Function],
        "withComponent": [Function],
      },
    },
  ],
  Symbol(enzyme.__options__): Object {
    "adapter": ReactSixteenAdapter {
      "options": Object {
        "enableComponentDidUpdateOnSetState": true,
        "legacyContextMode": "parent",
        "lifecycles": Object {
          "componentDidUpdate": Object {
            "onSetState": true,
          },
          "getChildContext": Object {
            "calledByRenderer": false,
          },
          "getDerivedStateFromProps": Object {
            "hasShouldComponentUpdateBug": false,
          },
          "getSnapshotBeforeUpdate": true,
          "setState": Object {
            "skipsComponentDidUpdateOnNullish": true,
          },
        },
      },
    },
  },
}
`;
